C:\Users\Asus-2026\AppData\Local\Python\pythoncore-3.14-64\Lib\site-packages\jwt\api_jwt.py:365: InsecureKeyLengthWarning: The HMAC key is 22 bytes long, which is below the minimum recommended length of 32 bytes for SHA256. See RFC 7518 Section 3.2.
  decoded = self.decode_complete(
[11/May/2026 23:24:57] "GET /api/courses/custom/ HTTP/1.1" 200 2
[11/May/2026 23:24:57] "GET /api/resume/ HTTP/1.1" 200 2
[11/May/2026 23:24:57] "GET /api/auth/admin/users/ HTTP/1.1" 200 447
Not Found: /api/courses/certificate/swift/
[11/May/2026 23:25:08] "GET /api/courses/certificate/swift/ HTTP/1.1" 404 39
[11/May/2026 23:25:08] "GET /api/courses/progress/swift/ HTTP/1.1" 200 84
[11/May/2026 23:25:08] "GET /api/courses/progress/swift/ HTTP/1.1" 200 84
Not Found: /api/courses/certificate/swift/
[11/May/2026 23:25:08] "GET /api/courses/certificate/swift/ HTTP/1.1" 404 39
[11/May/2026 23:25:13] "GET /api/auth/admin/users/ HTTP/1.1" 200 447
[11/May/2026 23:25:13] "GET /api/courses/custom/ HTTP/1.1" 200 2
[11/May/2026 23:26:39] "GET /api/resume/ HTTP/1.1" 200 2
[11/May/2026 23:26:43] "GET /api/resume/ HTTP/1.1" 200 2
[11/May/2026 23:26:46] "GET /api/jobs/saved/ HTTP/1.1" 200 2
[11/May/2026 23:26:51] "GET /api/auth/admin/users/ HTTP/1.1" 200 447
[11/May/2026 23:27:47] "GET /api/auth/admin/users/ HTTP/1.1" 200 447
[11/May/2026 23:27:47] "GET /api/courses/custom/ HTTP/1.1" 200 2
[11/May/2026 23:27:50] "GET /api/courses/admin/2/access/ HTTP/1.1" 200 35
Not Found: /api/courses/certificate/python-basics/
[11/May/2026 23:32:35] "GET /api/courses/certificate/python-basics/ HTTP/1.1" 404 39
[11/May/2026 23:32:35] "GET /api/courses/progress/python-basics/ HTTP/1.1" 200 92
Not Found: /api/courses/certificate/python-basics/
[11/May/2026 23:32:35] "GET /api/courses/certificate/python-basics/ HTTP/1.1" 404 39
[11/May/2026 23:32:35] "GET /api/courses/progress/python-basics/ HTTP/1.1" 200 92
[11/May/2026 23:33:47] "POST /api/courses/progress/python-basics/ HTTP/1.1" 200 121
[11/May/2026 23:33:48] "POST /api/courses/progress/python-basics/ HTTP/1.1" 200 122
[11/May/2026 23:34:44] "GET /api/resume/ HTTP/1.1" 200 2
[11/May/2026 23:39:10] "GET /api/resume/ HTTP/1.1" 200 2
[11/May/2026 23:39:12] "POST /api/courses/progress/python-basics/ HTTP/1.1" 200 133
[11/May/2026 23:39:13] "POST /api/courses/progress/python-basics/ HTTP/1.1" 200 134
[11/May/2026 23:39:19] "GET /api/resume/ HTTP/1.1" 200 2
[11/May/2026 23:39:19] "GET /api/courses/progress/ HTTP/1.1" 200 1494
[11/May/2026 23:39:23] "GET /api/courses/progress/ HTTP/1.1" 200 1494
[11/May/2026 23:41:39] "GET /api/auth/admin/users/ HTTP/1.1" 200 447
[11/May/2026 23:41:39] "GET /api/courses/custom/ HTTP/1.1" 200 2
[11/May/2026 23:41:41] "GET /api/courses/admin/2/access/ HTTP/1.1" 200 35
[11/May/2026 23:41:46] "POST /api/courses/admin/2/approve-all/ HTTP/1.1" 200 224
[11/May/2026 23:41:46] "GET /api/courses/admin/2/access/ HTTP/1.1" 200 224
[11/May/2026 23:41:55] "POST /api/courses/admin/2/toggle/ HTTP/1.1" 200 208
[11/May/2026 23:41:55] "POST /api/courses/admin/2/toggle/ HTTP/1.1" 200 194
[11/May/2026 23:41:55] "POST /api/courses/admin/2/toggle/ HTTP/1.1" 200 172
[11/May/2026 23:41:55] "POST /api/courses/admin/2/toggle/ HTTP/1.1" 200 156
[11/May/2026 23:41:55] "POST /api/courses/admin/2/toggle/ HTTP/1.1" 200 146
[11/May/2026 23:41:55] "POST /api/courses/admin/2/toggle/ HTTP/1.1" 200 131
[11/May/2026 23:41:55] "POST /api/courses/admin/2/toggle/ HTTP/1.1" 200 118
[11/May/2026 23:41:55] "POST /api/courses/admin/2/toggle/ HTTP/1.1" 200 104
[11/May/2026 23:41:55] "POST /api/courses/admin/2/toggle/ HTTP/1.1" 200 98
[11/May/2026 23:41:55] "POST /api/courses/admin/2/toggle/ HTTP/1.1" 200 89
[11/May/2026 23:41:55] "POST /api/courses/admin/2/toggle/ HTTP/1.1" 200 77
[11/May/2026 23:41:55] "POST /api/courses/admin/2/toggle/ HTTP/1.1" 200 68
[11/May/2026 23:41:55] "POST /api/courses/admin/2/toggle/ HTTP/1.1" 200 62
[11/May/2026 23:41:55] "POST /api/courses/admin/2/toggle/ HTTP/1.1" 200 49
[11/May/2026 23:41:55] "POST /api/courses/admin/2/toggle/ HTTP/1.1" 200 42
[11/May/2026 23:41:55] "POST /api/courses/admin/2/toggle/ HTTP/1.1" 200 35
[11/May/2026 23:41:55] "GET /api/courses/admin/2/access/ HTTP/1.1" 200 35
[11/May/2026 23:43:10] "POST /api/auth/logout/ HTTP/1.1" 200 24
Unauthorized: /api/auth/login/
[11/May/2026 23:45:48] "POST /api/auth/login/ HTTP/1.1" 401 32
Unauthorized: /api/auth/refresh/
[11/May/2026 23:45:48] "POST /api/auth/refresh/ HTTP/1.1" 401 29
Unauthorized: /api/auth/login/
[11/May/2026 23:45:59] "POST /api/auth/login/ HTTP/1.1" 401 32
Unauthorized: /api/auth/refresh/
[11/May/2026 23:45:59] "POST /api/auth/refresh/ HTTP/1.1" 401 29
C:\Users\Asus-2026\AppData\Local\Python\pythoncore-3.14-64\Lib\site-packages\jwt\api_jwt.py:147: InsecureKeyLengthWarning: The HMAC key is 22 bytes long, which is below the minimum recommended length of 32 bytes for SHA256. See RFC 7518 Section 3.2.
  return self._jws.encode(
[11/May/2026 23:46:07] "POST /api/auth/login/ HTTP/1.1" 200 512
[11/May/2026 23:46:07] "GET /api/auth/me/ HTTP/1.1" 200 227
[11/May/2026 23:46:08] "GET /api/resume/ HTTP/1.1" 200 2598
[11/May/2026 23:47:25] "GET /api/profile/ HTTP/1.1" 200 297
[11/May/2026 23:47:35] "GET /api/resume/ HTTP/1.1" 200 2598
[11/May/2026 23:47:35] "GET /api/profile/ HTTP/1.1" 200 297
[11/May/2026 23:47:40] "GET /api/resume/ HTTP/1.1" 200 2598
[11/May/2026 23:47:42] "GET /api/resume/ HTTP/1.1" 200 2598
[11/May/2026 23:47:42] "GET /api/resume/5/ HTTP/1.1" 200 2596
[11/May/2026 23:47:47] "GET /api/resume/ HTTP/1.1" 200 2598
[11/May/2026 23:48:00] "GET /api/resume/ HTTP/1.1" 200 2598
[11/May/2026 23:48:22] "GET /api/resume/ HTTP/1.1" 200 2598
[11/May/2026 23:48:51] "GET /api/profile/ HTTP/1.1" 200 297
[11/May/2026 23:49:30] "GET /api/auth/my-activity/ HTTP/1.1" 200 2817
[11/May/2026 23:49:57] "GET /api/resume/ HTTP/1.1" 200 2598
[11/May/2026 23:50:19] "GET /api/resume/ HTTP/1.1" 200 2598
[11/May/2026 23:50:28] "GET /api/resume/ HTTP/1.1" 200 2598
[11/May/2026 23:50:54] "GET /api/resume/ HTTP/1.1" 200 2598
[11/May/2026 23:52:00] "GET /admin/profile/userprofile/ HTTP/1.1" 200 14704
[11/May/2026 23:52:00] "GET /static/admin/css/base.css HTTP/1.1" 304 0
[11/May/2026 23:52:00] "GET /static/admin/css/dark_mode.css HTTP/1.1" 304 0
[11/May/2026 23:52:00] "GET /static/admin/css/nav_sidebar.css HTTP/1.1" 304 0
[11/May/2026 23:52:00] "GET /static/admin/js/theme.js HTTP/1.1" 304 0
[11/May/2026 23:52:00] "GET /static/admin/js/vendor/jquery/jquery.js HTTP/1.1" 304 0
[11/May/2026 23:52:00] "GET /static/admin/css/changelists.css HTTP/1.1" 304 0
[11/May/2026 23:52:00] "GET /static/admin/css/responsive.css HTTP/1.1" 304 0
[11/May/2026 23:52:00] "GET /static/admin/js/jquery.init.js HTTP/1.1" 304 0
[11/May/2026 23:52:00] "GET /static/admin/js/core.js HTTP/1.1" 304 0
[11/May/2026 23:52:00] "GET /static/admin/js/actions.js HTTP/1.1" 304 0
[11/May/2026 23:52:00] "GET /static/admin/js/urlify.js HTTP/1.1" 304 0
[11/May/2026 23:52:00] "GET /static/admin/js/prepopulate.js HTTP/1.1" 304 0
[11/May/2026 23:52:00] "GET /static/admin/js/admin/RelatedObjectLookups.js HTTP/1.1" 304 0
[11/May/2026 23:52:00] "GET /static/admin/js/vendor/xregexp/xregexp.js HTTP/1.1" 304 0
[11/May/2026 23:52:01] "GET /admin/jsi18n/ HTTP/1.1" 200 3342
[11/May/2026 23:52:01] "GET /static/admin/js/nav_sidebar.js HTTP/1.1" 304 0
[11/May/2026 23:52:01] "GET /static/admin/js/filters.js HTTP/1.1" 304 0
[11/May/2026 23:52:01] "GET /static/admin/img/icon-addlink.svg HTTP/1.1" 304 0
[11/May/2026 23:52:01] "GET /static/admin/img/tooltag-add.svg HTTP/1.1" 304 0
[11/May/2026 23:52:05] "GET /admin/profile/userprofile/ HTTP/1.1" 200 14704
[11/May/2026 23:52:05] "GET /admin/jsi18n/ HTTP/1.1" 200 3342
Unauthorized: /api/auth/me/
[12/May/2026 00:00:11] "GET /api/auth/me/ HTTP/1.1" 200 227
[12/May/2026 00:00:11] "GET /api/auth/me/ HTTP/1.1" 401 58
[12/May/2026 00:00:11] "GET /api/auth/me/ HTTP/1.1" 200 227
Unauthorized: /api/auth/me/
Unauthorized: /api/auth/refresh/
[12/May/2026 00:00:12] "GET /api/auth/me/ HTTP/1.1" 401 58
[12/May/2026 00:00:12] "GET /api/resume/ HTTP/1.1" 200 2598
[12/May/2026 00:00:12] "POST /api/auth/refresh/ HTTP/1.1" 401 29
Unauthorized: /api/auth/refresh/
[12/May/2026 00:00:12] "POST /api/auth/refresh/ HTTP/1.1" 401 29
Unauthorized: /api/auth/me/
[12/May/2026 00:00:12] "GET /api/auth/me/ HTTP/1.1" 401 58
Unauthorized: /api/auth/me/
Unauthorized: /api/auth/refresh/
[12/May/2026 00:00:12] "GET /api/auth/me/ HTTP/1.1" 401 58
[12/May/2026 00:00:12] "POST /api/auth/refresh/ HTTP/1.1" 401 29
Unauthorized: /api/auth/refresh/
[12/May/2026 00:00:12] "POST /api/auth/refresh/ HTTP/1.1" 401 29
Unauthorized: /api/auth/me/
[12/May/2026 00:00:25] "GET /api/auth/me/ HTTP/1.1" 401 58
Unauthorized: /api/auth/me/
[12/May/2026 00:00:25] "GET /api/auth/me/ HTTP/1.1" 401 58
Unauthorized: /api/auth/refresh/
[12/May/2026 00:00:25] "POST /api/auth/refresh/ HTTP/1.1" 401 29
Unauthorized: /api/auth/refresh/
[12/May/2026 00:00:25] "POST /api/auth/refresh/ HTTP/1.1" 401 29
[12/May/2026 00:01:09] "POST /api/auth/login/ HTTP/1.1" 200 512
[12/May/2026 00:01:09] "GET /api/auth/me/ HTTP/1.1" 200 227
[12/May/2026 00:01:09] "GET /api/resume/ HTTP/1.1" 200 2598
[12/May/2026 00:01:11] "GET /api/profile/ HTTP/1.1" 200 297
[12/May/2026 00:01:11] "GET /api/auth/my-activity/ HTTP/1.1" 200 2817
[12/May/2026 00:01:29] "GET /api/profile/ HTTP/1.1" 200 297
[12/May/2026 00:01:40] "GET /api/profile/ HTTP/1.1" 200 297
[12/May/2026 00:01:40] "GET /api/auth/my-activity/ HTTP/1.1" 200 2817
[12/May/2026 00:01:45] "GET /api/resume/ HTTP/1.1" 200 2598
[12/May/2026 00:01:46] "GET /api/resume/ HTTP/1.1" 200 2598
[12/May/2026 00:01:46] "GET /api/resume/5/ HTTP/1.1" 200 2596
[12/May/2026 00:01:50] "GET /api/resume/ HTTP/1.1" 200 2598
[12/May/2026 00:01:55] "GET /api/jobs/saved/ HTTP/1.1" 200 2
[12/May/2026 00:01:56] "GET /api/resume/ HTTP/1.1" 200 2598
[12/May/2026 00:01:58] "GET /api/resume/ HTTP/1.1" 200 2598
[12/May/2026 00:01:58] "GET /api/profile/ HTTP/1.1" 200 297
[12/May/2026 00:01:59] "GET /api/profile/ HTTP/1.1" 200 297
[12/May/2026 00:01:59] "GET /api/auth/my-activity/ HTTP/1.1" 200 2817
[12/May/2026 00:02:03] "POST /api/auth/logout/ HTTP/1.1" 200 24
[12/May/2026 00:02:28] "POST /api/auth/login/ HTTP/1.1" 200 512
[12/May/2026 00:02:28] "GET /api/auth/me/ HTTP/1.1" 200 217
[12/May/2026 00:02:28] "GET /api/resume/ HTTP/1.1" 200 2
[12/May/2026 00:02:28] "GET /api/auth/admin/users/ HTTP/1.1" 200 447
[12/May/2026 00:02:32] "GET /api/auth/admin/users/ HTTP/1.1" 200 447
[12/May/2026 00:02:32] "GET /api/courses/custom/ HTTP/1.1" 200 2
Unauthorized: /api/auth/me/
[12/May/2026 00:04:56] "GET /api/auth/me/ HTTP/1.1" 401 58
Unauthorized: /api/auth/me/
[12/May/2026 00:04:56] "GET /api/auth/me/ HTTP/1.1" 401 58
Unauthorized: /api/auth/refresh/
[12/May/2026 00:04:56] "POST /api/auth/refresh/ HTTP/1.1" 401 45
Unauthorized: /api/auth/refresh/
[12/May/2026 00:04:57] "POST /api/auth/refresh/ HTTP/1.1" 401 45
Unauthorized: /api/auth/me/
[12/May/2026 00:04:58] "GET /api/auth/me/ HTTP/1.1" 401 58
Unauthorized: /api/auth/me/
[12/May/2026 00:04:58] "GET /api/auth/me/ HTTP/1.1" 401 58
Unauthorized: /api/auth/refresh/
[12/May/2026 00:04:58] "POST /api/auth/refresh/ HTTP/1.1" 401 45
Unauthorized: /api/auth/refresh/
[12/May/2026 00:04:58] "POST /api/auth/refresh/ HTTP/1.1" 401 45
[12/May/2026 00:05:24] "POST /api/auth/login/ HTTP/1.1" 200 512
[12/May/2026 00:05:24] "GET /api/auth/me/ HTTP/1.1" 200 227
[12/May/2026 00:05:25] "GET /api/resume/ HTTP/1.1" 200 2598
[12/May/2026 00:05:29] "GET /api/profile/ HTTP/1.1" 200 297
[12/May/2026 00:05:29] "GET /api/auth/my-activity/ HTTP/1.1" 200 2817
[12/May/2026 00:05:32] "GET /api/profile/ HTTP/1.1" 200 297
[12/May/2026 00:05:40] "GET /api/auth/my-activity/ HTTP/1.1" 200 2817
[12/May/2026 00:05:45] "GET /api/profile/ HTTP/1.1" 200 297
[12/May/2026 00:05:45] "GET /api/auth/my-activity/ HTTP/1.1" 200 2817
[12/May/2026 00:06:03] "GET /api/profile/ HTTP/1.1" 200 297
[12/May/2026 00:06:03] "GET /api/auth/my-activity/ HTTP/1.1" 200 2817
[12/May/2026 00:06:08] "GET /api/auth/me/ HTTP/1.1" 200 227
[12/May/2026 00:06:08] "GET /api/auth/me/ HTTP/1.1" 200 227
[12/May/2026 00:06:14] "GET /api/auth/me/ HTTP/1.1" 200 227
[12/May/2026 00:06:14] "GET /api/auth/me/ HTTP/1.1" 200 227
[12/May/2026 00:06:16] "GET /api/auth/me/ HTTP/1.1" 200 227
[12/May/2026 00:06:16] "GET /api/auth/me/ HTTP/1.1" 200 227
[12/May/2026 00:06:21] "GET /api/auth/me/ HTTP/1.1" 200 227
[12/May/2026 00:06:21] "GET /api/auth/me/ HTTP/1.1" 200 227
[12/May/2026 00:06:24] "GET /api/auth/me/ HTTP/1.1" 200 227
[12/May/2026 00:06:24] "GET /api/auth/me/ HTTP/1.1" 200 227
[12/May/2026 00:06:28] "GET /api/auth/me/ HTTP/1.1" 200 227
[12/May/2026 00:06:28] "GET /api/auth/me/ HTTP/1.1" 200 227
[12/May/2026 00:06:28] "GET /api/resume/ HTTP/1.1" 200 2598
[12/May/2026 00:06:28] "GET /api/profile/ HTTP/1.1" 200 297
[12/May/2026 00:06:28] "GET /api/auth/my-activity/ HTTP/1.1" 200 2817
[12/May/2026 00:06:36] "GET /api/profile/ HTTP/1.1" 200 297
[12/May/2026 00:06:36] "GET /api/auth/my-activity/ HTTP/1.1" 200 2817
[12/May/2026 00:06:38] "GET /api/auth/me/ HTTP/1.1" 200 217
[12/May/2026 00:06:38] "GET /api/auth/me/ HTTP/1.1" 200 217
[12/May/2026 00:06:38] "GET /api/resume/ HTTP/1.1" 200 2
[12/May/2026 00:06:38] "GET /api/courses/custom/ HTTP/1.1" 200 2
[12/May/2026 00:06:38] "GET /api/auth/admin/users/ HTTP/1.1" 200 447
[12/May/2026 00:06:47] "GET /api/auth/me/ HTTP/1.1" 200 217
[12/May/2026 00:06:47] "GET /api/auth/me/ HTTP/1.1" 200 217
[12/May/2026 00:06:47] "GET /api/auth/my-activity/ HTTP/1.1" 200 584
[12/May/2026 00:06:47] "GET /api/resume/ HTTP/1.1" 200 2
[12/May/2026 00:06:47] "GET /api/profile/ HTTP/1.1" 200 297
[12/May/2026 00:07:36] "PUT /api/profile/ HTTP/1.1" 200 347
[12/May/2026 00:07:36] "GET /api/profile/ HTTP/1.1" 200 347
[12/May/2026 00:07:47] "GET /api/auth/me/ HTTP/1.1" 200 217
[12/May/2026 00:07:47] "GET /api/auth/me/ HTTP/1.1" 200 217
[12/May/2026 00:07:47] "GET /api/resume/ HTTP/1.1" 200 2
[12/May/2026 00:07:47] "GET /api/profile/ HTTP/1.1" 200 347
[12/May/2026 00:07:47] "GET /api/auth/my-activity/ HTTP/1.1" 200 584
[12/May/2026 00:08:51] "POST /api/auth/logout/ HTTP/1.1" 200 24
[12/May/2026 00:09:17] "POST /api/auth/login/ HTTP/1.1" 200 512
[12/May/2026 00:09:17] "GET /api/auth/me/ HTTP/1.1" 200 227
[12/May/2026 00:09:17] "GET /api/resume/ HTTP/1.1" 200 2598
[12/May/2026 00:09:19] "GET /api/profile/ HTTP/1.1" 200 297
[12/May/2026 00:09:19] "GET /api/auth/my-activity/ HTTP/1.1" 200 2817
[12/May/2026 00:11:41] "GET /api/resume/ HTTP/1.1" 200 2598
[12/May/2026 00:11:44] "GET /api/profile/ HTTP/1.1" 200 297
[12/May/2026 00:11:44] "GET /api/auth/my-activity/ HTTP/1.1" 200 2817
[12/May/2026 00:11:48] "GET /api/profile/ HTTP/1.1" 200 297
[12/May/2026 00:11:52] "GET /api/auth/my-activity/ HTTP/1.1" 200 2817
[12/May/2026 00:11:57] "GET /api/profile/ HTTP/1.1" 200 297
[12/May/2026 00:11:57] "GET /api/auth/my-activity/ HTTP/1.1" 200 2817
[12/May/2026 00:12:33] "GET /api/resume/ HTTP/1.1" 200 2598
[12/May/2026 00:12:33] "GET /api/profile/ HTTP/1.1" 200 297
[12/May/2026 00:12:33] "GET /api/auth/my-activity/ HTTP/1.1" 200 2817
[12/May/2026 00:12:38] "GET /api/auth/me/ HTTP/1.1" 200 227
[12/May/2026 00:12:38] "GET /api/auth/me/ HTTP/1.1" 200 227
[12/May/2026 00:12:38] "GET /api/resume/ HTTP/1.1" 200 2598
[12/May/2026 00:12:38] "GET /api/profile/ HTTP/1.1" 200 297
[12/May/2026 00:12:38] "GET /api/auth/my-activity/ HTTP/1.1" 200 2817
[12/May/2026 00:12:46] "POST /api/auth/logout/ HTTP/1.1" 200 24
[12/May/2026 00:13:14] "POST /api/auth/login/ HTTP/1.1" 200 512
[12/May/2026 00:13:14] "GET /api/auth/me/ HTTP/1.1" 200 217
[12/May/2026 00:13:15] "GET /api/resume/ HTTP/1.1" 200 2
[12/May/2026 00:13:15] "GET /api/auth/admin/users/ HTTP/1.1" 200 447
[12/May/2026 00:13:18] "GET /api/auth/admin/users/ HTTP/1.1" 200 447
[12/May/2026 00:13:18] "GET /api/courses/custom/ HTTP/1.1" 200 2
[12/May/2026 00:13:35] "GET /api/resume/ HTTP/1.1" 200 2
[12/May/2026 00:13:35] "GET /api/courses/custom/ HTTP/1.1" 200 2
[12/May/2026 00:13:35] "GET /api/auth/admin/users/ HTTP/1.1" 200 447
Not Found: /api/courses/certificate/java-basics/
[12/May/2026 00:13:44] "GET /api/courses/certificate/java-basics/ HTTP/1.1" 404 39
[12/May/2026 00:13:44] "GET /api/courses/progress/java-basics/ HTTP/1.1" 200 90
Not Found: /api/courses/certificate/java-basics/
[12/May/2026 00:13:44] "GET /api/courses/certificate/java-basics/ HTTP/1.1" 404 39
[12/May/2026 00:13:44] "GET /api/courses/progress/java-basics/ HTTP/1.1" 200 90
[12/May/2026 00:14:36] "GET /api/resume/ HTTP/1.1" 200 2
[12/May/2026 00:14:38] "GET /api/auth/me/ HTTP/1.1" 200 217
[12/May/2026 00:14:38] "GET /api/auth/me/ HTTP/1.1" 200 217
[12/May/2026 00:14:38] "GET /api/resume/ HTTP/1.1" 200 2
Not Found: /api/courses/certificate/java-basics/
[12/May/2026 00:14:38] "GET /api/courses/certificate/java-basics/ HTTP/1.1" 404 39
[12/May/2026 00:14:38] "GET /api/courses/progress/java-basics/ HTTP/1.1" 200 90
Not Found: /api/courses/certificate/java-basics/
[12/May/2026 00:14:38] "GET /api/courses/certificate/java-basics/ HTTP/1.1" 404 39
[12/May/2026 00:14:38] "GET /api/courses/progress/java-basics/ HTTP/1.1" 200 90
[12/May/2026 00:14:41] "GET /api/auth/admin/users/ HTTP/1.1" 200 447
[12/May/2026 00:14:41] "GET /api/courses/custom/ HTTP/1.1" 200 2
[12/May/2026 00:15:10] "GET /api/auth/admin/users/ HTTP/1.1" 200 447
[12/May/2026 00:15:10] "GET /api/courses/custom/ HTTP/1.1" 200 2
[12/May/2026 00:15:10] "GET /api/resume/ HTTP/1.1" 200 2
[12/May/2026 00:15:22] "GET /api/auth/me/ HTTP/1.1" 200 217
[12/May/2026 00:15:22] "GET /api/auth/me/ HTTP/1.1" 200 217
[12/May/2026 00:15:22] "GET /api/auth/admin/users/ HTTP/1.1" 200 447
[12/May/2026 00:15:22] "GET /api/courses/custom/ HTTP/1.1" 200 2
[12/May/2026 00:15:22] "GET /api/resume/ HTTP/1.1" 200 2
[12/May/2026 00:16:35] "GET /api/resume/5/ HTTP/1.1" 200 2596
[12/May/2026 00:16:35] "GET /api/resume/ HTTP/1.1" 200 2598
[12/May/2026 00:16:59] "GET /api/profile/ HTTP/1.1" 200 297
[12/May/2026 00:16:59] "GET /api/auth/my-activity/ HTTP/1.1" 200 2817
[12/May/2026 00:17:06] "GET /api/profile/ HTTP/1.1" 200 297
[12/May/2026 00:17:27] "PUT /api/profile/ HTTP/1.1" 200 297
[12/May/2026 00:17:27] "GET /api/profile/ HTTP/1.1" 200 297
[12/May/2026 00:17:42] "PUT /api/profile/ HTTP/1.1" 200 297
[12/May/2026 00:17:42] "GET /api/profile/ HTTP/1.1" 200 297
[12/May/2026 00:17:51] "GET /api/profile/ HTTP/1.1" 200 297
[12/May/2026 00:17:51] "GET /api/auth/my-activity/ HTTP/1.1" 200 2817
[12/May/2026 00:18:39] "GET /api/profile/ HTTP/1.1" 200 297
[12/May/2026 00:18:56] "PUT /api/profile/ HTTP/1.1" 200 302
[12/May/2026 00:18:56] "GET /api/profile/ HTTP/1.1" 200 302
[12/May/2026 00:19:00] "GET /api/profile/ HTTP/1.1" 200 302
[12/May/2026 00:19:00] "GET /api/auth/my-activity/ HTTP/1.1" 200 2817
[12/May/2026 00:19:12] "GET /api/resume/ HTTP/1.1" 200 2598
[12/May/2026 00:19:14] "GET /api/resume/ HTTP/1.1" 200 2598
[12/May/2026 00:19:15] "GET /api/resume/ HTTP/1.1" 200 2598
[12/May/2026 00:19:15] "GET /api/resume/5/ HTTP/1.1" 200 2596
[12/May/2026 00:19:26] "GET /api/profile/ HTTP/1.1" 200 302
[12/May/2026 00:19:26] "GET /api/auth/my-activity/ HTTP/1.1" 200 2817
